Fitter Status : Successful - Mon Apr 18 20:54:22 2016
Quartus II 64-Bit Version : 13.0.1 Build 232 06/12/2013 SP 1 SJ Full Version
Revision Name : system_fpga
Top-level Entity Name : system_fpga
Family : Cyclone IV E
Device : EP4CE115F29C8
Timing Models : Final
Total logic elements : 18,113 / 114,480 ( 16 % )
    Total combinational functions : 15,255 / 114,480 ( 13 % )
    Dedicated logic registers : 8,767 / 114,480 ( 8 % )
Total registers : 8767
Total pins : 106 / 529 ( 20 % )
Total virtual pins : 0
Total memory bits : 524,288 / 3,981,312 ( 13 % )
Embedded Multiplier 9-bit elements : 0 / 532 ( 0 % )
Total PLLs : 0 / 4 ( 0 % )
Analysis & Synthesis Status : Successful - Mon Apr 18 20:36:47 2016
Quartus II 64-Bit Version : 13.0.1 Build 232 06/12/2013 SP 1 SJ Full Version
Revision Name : system_fpga
Top-level Entity Name : system_fpga
Family : Cyclone IV E
Total logic elements : 22,341
    Total combinational functions : 15,223
    Dedicated logic registers : 8,767
Total registers : 8767
Total pins : 106
Total virtual pins : 0
Total memory bits : 524,288
Embedded Multiplier 9-bit elements : 0
Total PLLs : 0
------------------------------------------------------------
TimeQuest Timing Analyzer Summary
------------------------------------------------------------

Type  : Slow 1200mV 85C Model Setup 'CLK_50'
Slack : -40.590
TNS   : -7501.231

Type  : Slow 1200mV 85C Model Setup 'CPUCLK'
Slack : -31.976
TNS   : -147460.398

Type  : Slow 1200mV 85C Model Setup 'altera_reserved_tck'
Slack : 43.667
TNS   : 0.000

Type  : Slow 1200mV 85C Model Hold 'CPUCLK'
Slack : 0.149
TNS   : 0.000

Type  : Slow 1200mV 85C Model Hold 'CLK_50'
Slack : 0.421
TNS   : 0.000

Type  : Slow 1200mV 85C Model Hold 'altera_reserved_tck'
Slack : 0.444
TNS   : 0.000

Type  : Slow 1200mV 85C Model Recovery 'CLK_50'
Slack : 2.557
TNS   : 0.000

Type  : Slow 1200mV 85C Model Recovery 'CPUCLK'
Slack : 5.952
TNS   : 0.000

Type  : Slow 1200mV 85C Model Recovery 'altera_reserved_tck'
Slack : 47.760
TNS   : 0.000

Type  : Slow 1200mV 85C Model Removal 'altera_reserved_tck'
Slack : 1.600
TNS   : 0.000

Type  : Slow 1200mV 85C Model Removal 'CPUCLK'
Slack : 2.193
TNS   : 0.000

Type  : Slow 1200mV 85C Model Removal 'CLK_50'
Slack : 5.853
TNS   : 0.000

Type  : Slow 1200mV 85C Model Minimum Pulse Width 'CLK_50'
Slack : 4.636
TNS   : 0.000

Type  : Slow 1200mV 85C Model Minimum Pulse Width 'CPUCLK'
Slack : 9.657
TNS   : 0.000

Type  : Slow 1200mV 85C Model Minimum Pulse Width 'altera_reserved_tck'
Slack : 49.490
TNS   : 0.000

Type  : Slow 1200mV 0C Model Setup 'CLK_50'
Slack : -38.373
TNS   : -7067.722

Type  : Slow 1200mV 0C Model Setup 'CPUCLK'
Slack : -29.696
TNS   : -136846.992

Type  : Slow 1200mV 0C Model Setup 'altera_reserved_tck'
Slack : 44.063
TNS   : 0.000

Type  : Slow 1200mV 0C Model Hold 'CPUCLK'
Slack : 0.088
TNS   : 0.000

Type  : Slow 1200mV 0C Model Hold 'CLK_50'
Slack : 0.371
TNS   : 0.000

Type  : Slow 1200mV 0C Model Hold 'altera_reserved_tck'
Slack : 0.393
TNS   : 0.000

Type  : Slow 1200mV 0C Model Recovery 'CLK_50'
Slack : 3.112
TNS   : 0.000

Type  : Slow 1200mV 0C Model Recovery 'CPUCLK'
Slack : 6.156
TNS   : 0.000

Type  : Slow 1200mV 0C Model Recovery 'altera_reserved_tck'
Slack : 48.036
TNS   : 0.000

Type  : Slow 1200mV 0C Model Removal 'altera_reserved_tck'
Slack : 1.441
TNS   : 0.000

Type  : Slow 1200mV 0C Model Removal 'CPUCLK'
Slack : 1.905
TNS   : 0.000

Type  : Slow 1200mV 0C Model Removal 'CLK_50'
Slack : 5.245
TNS   : 0.000

Type  : Slow 1200mV 0C Model Minimum Pulse Width 'CLK_50'
Slack : 4.636
TNS   : 0.000

Type  : Slow 1200mV 0C Model Minimum Pulse Width 'CPUCLK'
Slack : 9.599
TNS   : 0.000

Type  : Slow 1200mV 0C Model Minimum Pulse Width 'altera_reserved_tck'
Slack : 49.343
TNS   : 0.000

Type  : Fast 1200mV 0C Model Setup 'CLK_50'
Slack : -13.457
TNS   : -2200.842

Type  : Fast 1200mV 0C Model Setup 'CPUCLK'
Slack : -3.906
TNS   : -14883.999

Type  : Fast 1200mV 0C Model Setup 'altera_reserved_tck'
Slack : 47.464
TNS   : 0.000

Type  : Fast 1200mV 0C Model Hold 'CPUCLK'
Slack : -0.132
TNS   : -0.788

Type  : Fast 1200mV 0C Model Hold 'CLK_50'
Slack : 0.172
TNS   : 0.000

Type  : Fast 1200mV 0C Model Hold 'altera_reserved_tck'
Slack : 0.182
TNS   : 0.000

Type  : Fast 1200mV 0C Model Recovery 'CLK_50'
Slack : 6.638
TNS   : 0.000

Type  : Fast 1200mV 0C Model Recovery 'CPUCLK'
Slack : 8.225
TNS   : 0.000

Type  : Fast 1200mV 0C Model Recovery 'altera_reserved_tck'
Slack : 49.185
TNS   : 0.000

Type  : Fast 1200mV 0C Model Removal 'altera_reserved_tck'
Slack : 0.666
TNS   : 0.000

Type  : Fast 1200mV 0C Model Removal 'CPUCLK'
Slack : 1.000
TNS   : 0.000

Type  : Fast 1200mV 0C Model Removal 'CLK_50'
Slack : 2.698
TNS   : 0.000

Type  : Fast 1200mV 0C Model Minimum Pulse Width 'CLK_50'
Slack : 4.200
TNS   : 0.000

Type  : Fast 1200mV 0C Model Minimum Pulse Width 'CPUCLK'
Slack : 9.733
TNS   : 0.000

Type  : Fast 1200mV 0C Model Minimum Pulse Width 'altera_reserved_tck'
Slack : 49.455
TNS   : 0.000

------------------------------------------------------------
